[STEP1]
ローカルリポジトリ「git_challenge」を作成する

PS C:\C#\SAMURAI\GitHub\kadai\kadai_git> mkdir git_challenge


    ディレクトリ: C:\C#\SAMURAI\GitHub\kadai\kadai_git


Mode                 LastWriteTime         Length Name
----                 -------------         ------ ----
d-----        2024/10/26     18:44                git_challenge


PS C:\C#\SAMURAI\GitHub\kadai\kadai_git> ls


    ディレクトリ: C:\C#\SAMURAI\GitHub\kadai\kadai_git


Mode                 LastWriteTime         Length Name
----                 -------------         ------ ----
d-----        2024/10/26     18:44                git_challenge

PS C:\C#\SAMURAI\GitHub\kadai\kadai_git> cd .\git_challenge\
PS C:\C#\SAMURAI\GitHub\kadai\kadai_git\git_challenge> git init
Initialized empty Git repository in C:/C#/SAMURAI/GitHub/Kadai/kadai_git/git_challenge/.git/


[STEP2]
テキストファイル「hello_world.txt」を作成する

PS C:\C#\SAMURAI\GitHub\kadai\kadai_git> echo "Hello, world!" >> hello_world.txt
PS C:\C#\SAMURAI\GitHub\kadai\kadai_git\git_challenge> git add hello_world.txt
PS C:\C#\SAMURAI\GitHub\kadai\kadai_git\git_challenge> git commit -m "hello_world.txtを追加"
[main (root-commit) 8f0f485] hello_world.txtを追加
 1 file changed, 0 insertions(+), 0 deletions(-)
 create mode 100644 hello_world.txt

PS C:\C#\SAMURAI\GitHub\kadai\kadai_git\git_challenge> git status
On branch main
nothing to commit, working tree clean


[STEP3]
「hello_world.txt」に2回の変更をコミットする

*** ここでWindows上のメモ帳で、2行目に　”こんにちは、世界！”　を追加 ***

PS C:\C#\SAMURAI\GitHub\kadai\kadai_git\git_challenge> git status
On branch main
Changes not staged for commit:
  (use "git add <file>..." to update what will be committed)
  (use "git restore <file>..." to discard changes in working directory)
        modified:   hello_world.txt

no changes added to commit (use "git add" and/or "git commit -a")

PS C:\C#\SAMURAI\GitHub\kadai\kadai_git\git_challenge> git add hello_world.txt
PS C:\C#\SAMURAI\GitHub\kadai\kadai_git\git_challenge> git commit -m "日本語訳を追記"
[main 25b9de5] 日本語訳を追記
 1 file changed, 0 insertions(+), 0 deletions(-)
PS C:\C#\SAMURAI\GitHub\kadai\kadai_git\git_challenge> git status
On branch main
nothing to commit, working tree clean

[STEP4]
「hello_world.txt」の変更履歴を表示する

PS C:\C#\SAMURAI\GitHub\kadai\kadai_git\git_challenge> git log
commit 25b9de55b14be1e0b62b0f6761971c3cfda00dbc (HEAD -> main)
Author: Atsushi Suzuki <deokurejinsei@gmail.com>
Date:   Sat Oct 26 19:00:37 2024 +0900

    日本語訳を追記

commit 8f0f485ab02c7c9f66967eadacfc618ee7c9b428
Author: Atsushi Suzuki <deokurejinsei@gmail.com>
Date:   Sat Oct 26 18:53:26 2024 +0900

    hello_world.txtを追加



